<html>
<body>
<pre>
<h1>µVision Build Log</h1>
<h2>Tool Versions:</h2>
IDE-Version: µVision V5.35.0.0
Copyright (C) 2021 ARM Ltd and ARM Germany GmbH. All rights reserved.
License Information: Tufts EECS, Tufts University, LIC=----
 
Tool Versions:
Toolchain:       MDK-Lite  Version: 5.35.0.2
Toolchain Path:  c:\Keil_v5\ARM\ARMCC\Bin
C Compiler:      Armcc.exe V5.06 update 7 (build 960)
Assembler:       Armasm.exe V5.06 update 7 (build 960)
Linker/Locator:  ArmLink.exe V5.06 update 7 (build 960)
Library Manager: ArmAr.exe V5.06 update 7 (build 960)
Hex Converter:   FromElf.exe V5.06 update 7 (build 960)
CPU DLL:         SARMCM3.DLL V5.35.0.2
Dialog DLL:      DCM.DLL V1.17.3.0
Target DLL:      STLink\ST-LINKIII-KEIL_SWO.dll V3.0.9.0
Dialog DLL:      TCM.DLL V1.53.0.0
 
<h2>Project:</h2>
Z:\ee14\ee14_lab5\GyroTest\project.uvprojx
Project File Date:  04/23/2023

<h2>Output:</h2>
*** Using Compiler 'V5.06 update 7 (build 960)', folder: 'c:\Keil_v5\ARM\ARMCC\Bin'
Rebuild target 'Target 1'
assembling startup_stm32l476xx.s...
compiling LED.c...
compiling main.c...
newGyro.h(6): warning:  #1295-D: Deprecated declaration NewGyroInit - give arg types
  void NewGyroInit();
newGyro.h(7): warning:  #1295-D: Deprecated declaration displayXYZ - give arg types
  void displayXYZ();
main.c(26): warning:  #177-D: variable "n"  was declared but never referenced
  	int n;
main.c: 3 warnings, 0 errors
compiling SysTick.c...
compiling LCD.c...
compiling UART.c...
compiling SysClock.c...
compiling Gyro.c...
compiling SPI.c...
compiling newGyro.c...
newGyro.h(6): warning:  #1295-D: Deprecated declaration NewGyroInit - give arg types
  void NewGyroInit();
newGyro.h(7): warning:  #1295-D: Deprecated declaration displayXYZ - give arg types
  void displayXYZ();
newGyro.c(193): warning:  #177-D: variable "n"  was declared but never referenced
  	int n; // delete for testing
newGyro.c(194): warning:  #177-D: variable "buffer"  was declared but never referenced
  	uint8_t buffer[BufferSize]; // delete for testing
newGyro.c(256): warning:  #1035-D: single-precision operand implicitly converted to double-precision
  	float scaler = high * 0.001;
newGyro.c(253): warning:  #177-D: variable "low"  was declared but never referenced
  	float low		= 8.75;
newGyro.c(254): warning:  #177-D: variable "mid"  was declared but never referenced
  	float mid		= 17.50;
newGyro.c(256): warning:  #177-D: variable "scaler"  was declared but never referenced
  	float scaler = high * 0.001;
newGyro.c: 8 warnings, 0 errors
linking...
Program Size: Code=8652 RO-data=600 RW-data=24 ZI-data=5472  
FromELF: creating hex file...
".\Objects\project.axf" - 0 Error(s), 11 Warning(s).

<h2>Software Packages used:</h2>

Package Vendor: ARM
                http://www.keil.com/pack/ARM.CMSIS.5.9.0.pack
                ARM.CMSIS.5.9.0
                CMSIS (Common Microcontroller Software Interface Standard)
   * Component: CORE Version: 5.6.0

Package Vendor: Keil
                http://www.keil.com/pack/Keil.STM32L4xx_DFP.2.6.1.pack
                Keil.STM32L4xx_DFP.2.6.1
                STMicroelectronics STM32L4 Series Device Support, Drivers and Examples

<h2>Collection of Component include folders:</h2>
  .\RTE\_Target_1
  c:\Keil_v5\ARM\PACK\ARM\CMSIS\5.9.0\CMSIS\Core\Include
  c:\Keil_v5\ARM\PACK\Keil\STM32L4xx_DFP\2.6.1\Drivers\CMSIS\Device\ST\STM32L4xx\Include

<h2>Collection of Component Files used:</h2>

   * Component: ARM::CMSIS:CORE:5.6.0
Build Time Elapsed:  00:00:07
</pre>
</body>
</html>
